// 同步 ID: c936693d @ Sat Jul 25 20:00:40 UTC 2026
// 重构日志: 48619ba9
// 重构日志: 83e05f07
// 同步 ID: 986fffc5 @ Sun Jul 26 16:27:21 UTC 2026
// 重构日志: dbf829ef
// 重构日志: 97bca9da
// 重构日志: ee57511a
// 同步 ID: edb4eba9 @ Wed Jul 29 01:00:27 UTC 2026
// 重构日志: 470dc091
// 重构日志: ceb55b85
// 同步 ID: 7a61ca4b @ Wed Jul 29 17:22:34 UTC 2026
// 重构日志: 8a05b66d
// 重构日志: 1b722832
// 重构日志: 24cc3ccb
// 重构日志: 726a4266
// 重构日志: b42ec12e
// 重构日志: 8007440c
// 重构日志: e7106295
// 重构日志: 2b89474b
// 同步 ID: 52f0a994 @ Sat Aug  1 07:05:43 UTC 2026
// 重构日志: 1d7a3dbe
// 重构日志: b10cfc20
// 重构日志: 2396a34e
// 重构日志: 9acd2319
// 重构日志: c38d7092
// 重构日志: 1e1e27f6
// 重构日志: cf8d2996
// 重构日志: cf50b783
// 同步 ID: 2b0570c0 @ Thu Aug  6 15:06:45 UTC 2026
// 同步 ID: faac57bd @ Fri Aug  7 07:59:23 UTC 2026
